2025-12-07 16:02:39 +01:00: [dotenv@17.2.1] injecting env (14) from .env -- tip: 📡 version env with Radar: https://dotenvx.com/radar
2025-12-07 16:02:39 +01:00: [dotenv@17.2.1] injecting env (14) from .env -- tip: 📡 observe env with Radar: https://dotenvx.com/radar
2025-12-07 16:02:39 +01:00: [dotenv@17.2.1] injecting env (14) from .env -- tip: ⚙️  specify custom .env file path with { path: '/custom/path/.env' }
2025-12-07 16:02:39 +01:00: [dotenv@17.2.1] injecting env (14) from .env -- tip: 🛠️  run anywhere with `dotenvx run -- yourcommand`
2025-12-07 16:02:39 +01:00: [dotenv@17.2.1] injecting env (14) from .env -- tip: 🔐 encrypt with Dotenvx: https://dotenvx.com
2025-12-07 16:02:39 +01:00: [dotenv@17.2.1] injecting env (14) from .env -- tip: 🔐 prevent building .env in docker: https://dotenvx.com/prebuild
2025-12-07 16:02:39 +01:00: [dotenv@17.2.1] injecting env (14) from .env -- tip: ⚙️  specify custom .env file path with { path: '/custom/path/.env' }
2025-12-07 16:02:40 +01:00: [dotenv@17.2.1] injecting env (14) from .env -- tip: 🔐 prevent committing .env to code: https://dotenvx.com/precommit
2025-12-07 16:02:40 +01:00: [dotenv@17.2.1] injecting env (14) from .env -- tip: 📡 observe env with Radar: https://dotenvx.com/radar
2025-12-07 16:02:40 +01:00: [dotenv@17.2.1] injecting env (0) from .env -- tip: 🔐 prevent committing .env to code: https://dotenvx.com/precommit
2025-12-07 16:02:40 +01:00: [dotenv@17.2.1] injecting env (0) from .env -- tip: 📡 version env with Radar: https://dotenvx.com/radar
2025-12-07 16:02:40 +01:00: 🚀 Serveur lancé sur https://localhost:3000
2025-12-07 16:02:40 +01:00: 📊 Environnement: production
2025-12-07 16:02:40 +01:00: 🔒 HTTPS: activé
2025-12-07 16:02:40 +01:00: [dotenv@17.2.1] injecting env (14) from .env -- tip: ⚙️  load multiple .env files with { path: ['.env.local', '.env'] }
2025-12-07 16:02:40 +01:00: [dotenv@17.2.1] injecting env (0) from .env -- tip: 🔐 prevent building .env in docker: https://dotenvx.com/prebuild
2025-12-07 16:02:40 +01:00: [dotenv@17.2.1] injecting env (0) from .env -- tip: 🔐 prevent building .env in docker: https://dotenvx.com/prebuild
2025-12-07 16:02:40 +01:00: 🚀 Serveur lancé sur https://localhost:3000
2025-12-07 16:02:40 +01:00: 📊 Environnement: production
2025-12-07 16:02:40 +01:00: 🔒 HTTPS: activé
2025-12-07 16:02:40 +01:00: [dotenv@17.2.1] injecting env (0) from .env -- tip: ⚙️  load multiple .env files with { path: ['.env.local', '.env'] }
2025-12-07 16:02:40 +01:00: [dotenv@17.2.1] injecting env (0) from .env -- tip: ⚙️  suppress all logs with { quiet: true }
2025-12-07 16:02:40 +01:00: 🚀 Serveur lancé sur https://localhost:3000
2025-12-07 16:02:40 +01:00: 📊 Environnement: production
2025-12-07 16:02:40 +01:00: 🔒 HTTPS: activé
2025-12-07 16:02:40 +01:00: [dotenv@17.2.1] injecting env (0) from .env -- tip: ⚙️  load multiple .env files with { path: ['.env.local', '.env'] }
2025-12-07 16:02:40 +01:00: [dotenv@17.2.1] injecting env (0) from .env -- tip: 📡 version env with Radar: https://dotenvx.com/radar
2025-12-07 16:02:40 +01:00: [dotenv@17.2.1] injecting env (0) from .env -- tip: 📡 version env with Radar: https://dotenvx.com/radar
2025-12-07 16:02:40 +01:00: [dotenv@17.2.1] injecting env (0) from .env -- tip: ⚙️  specify custom .env file path with { path: '/custom/path/.env' }
2025-12-07 16:02:40 +01:00: 🚀 Serveur lancé sur https://localhost:3000
2025-12-07 16:02:40 +01:00: 🚀 Serveur lancé sur https://localhost:3000
2025-12-07 16:02:40 +01:00: 📊 Environnement: production
2025-12-07 16:02:40 +01:00: 🔒 HTTPS: activé
2025-12-07 16:02:40 +01:00: 📊 Environnement: production
2025-12-07 16:02:40 +01:00: 🔒 HTTPS: activé
2025-12-07 16:02:40 +01:00: [dotenv@17.2.1] injecting env (0) from .env -- tip: ⚙️  suppress all logs with { quiet: true }
2025-12-07 16:02:40 +01:00: [dotenv@17.2.1] injecting env (0) from .env -- tip: 📡 version env with Radar: https://dotenvx.com/radar
2025-12-07 16:02:40 +01:00: 🚀 Serveur lancé sur https://localhost:3000
2025-12-07 16:02:40 +01:00: 📊 Environnement: production
2025-12-07 16:02:40 +01:00: 🔒 HTTPS: activé
2025-12-07 16:02:40 +01:00: [dotenv@17.2.1] injecting env (0) from .env -- tip: ⚙️  load multiple .env files with { path: ['.env.local', '.env'] }
2025-12-07 16:02:40 +01:00: [dotenv@17.2.1] injecting env (0) from .env -- tip: ⚙️  load multiple .env files with { path: ['.env.local', '.env'] }
2025-12-07 16:02:40 +01:00: 🚀 Serveur lancé sur https://localhost:3000
2025-12-07 16:02:40 +01:00: 📊 Environnement: production
2025-12-07 16:02:40 +01:00: 🔒 HTTPS: activé
2025-12-07 16:02:40 +01:00: [dotenv@17.2.1] injecting env (0) from .env -- tip: ⚙️  load multiple .env files with { path: ['.env.local', '.env'] }
2025-12-07 16:02:40 +01:00: [dotenv@17.2.1] injecting env (0) from .env -- tip: 🔐 encrypt with Dotenvx: https://dotenvx.com
2025-12-07 16:02:40 +01:00: 🚀 Serveur lancé sur https://localhost:3000
2025-12-07 16:02:40 +01:00: 📊 Environnement: production
2025-12-07 16:02:40 +01:00: 🔒 HTTPS: activé
2025-12-07 16:02:40 +01:00: [dotenv@17.2.1] injecting env (0) from .env -- tip: 📡 version env with Radar: https://dotenvx.com/radar
2025-12-07 16:02:40 +01:00: [dotenv@17.2.1] injecting env (0) from .env -- tip: 📡 version env with Radar: https://dotenvx.com/radar
2025-12-07 16:02:40 +01:00: 🚀 Serveur lancé sur https://localhost:3000
2025-12-07 16:02:40 +01:00: 📊 Environnement: production
2025-12-07 16:02:40 +01:00: 🔒 HTTPS: activé
2025-12-07 16:02:40 +01:00: [dotenv@17.2.1] injecting env (0) from .env -- tip: ⚙️  enable debug logging with { debug: true }
2025-12-07 16:02:40 +01:00: [dotenv@17.2.1] injecting env (0) from .env -- tip: 🛠️  run anywhere with `dotenvx run -- yourcommand`
2025-12-07 16:02:40 +01:00: 🚀 Serveur lancé sur https://localhost:3000
2025-12-07 16:02:40 +01:00: 📊 Environnement: production
2025-12-07 16:02:40 +01:00: 🔒 HTTPS: activé
2025-12-07 16:04:29 +01:00: SIGINT reçu, fermeture gracieuse...
2025-12-07 16:04:29 +01:00: SIGINT reçu, fermeture gracieuse...
2025-12-07 16:04:29 +01:00: SIGINT reçu, fermeture gracieuse...
2025-12-07 16:04:29 +01:00: SIGINT reçu, fermeture gracieuse...
2025-12-07 16:04:29 +01:00: SIGINT reçu, fermeture gracieuse...
2025-12-07 16:04:29 +01:00: SIGINT reçu, fermeture gracieuse...
2025-12-07 16:04:29 +01:00: SIGINT reçu, fermeture gracieuse...
2025-12-07 16:04:29 +01:00: SIGINT reçu, fermeture gracieuse...
2025-12-07 16:04:29 +01:00: SIGINT reçu, fermeture gracieuse...
2025-12-07 16:04:29 +01:00: SIGINT reçu, fermeture gracieuse...
2025-12-07 16:04:30 +01:00: [dotenv@17.2.1] injecting env (14) from .env -- tip: ⚙️  load multiple .env files with { path: ['.env.local', '.env'] }
2025-12-07 16:04:30 +01:00: [dotenv@17.2.1] injecting env (14) from .env -- tip: ⚙️  load multiple .env files with { path: ['.env.local', '.env'] }
2025-12-07 16:04:30 +01:00: [dotenv@17.2.1] injecting env (14) from .env -- tip: 📡 auto-backup env with Radar: https://dotenvx.com/radar
2025-12-07 16:04:30 +01:00: [dotenv@17.2.1] injecting env (14) from .env -- tip: 🛠️  run anywhere with `dotenvx run -- yourcommand`
2025-12-07 16:04:30 +01:00: [dotenv@17.2.1] injecting env (14) from .env -- tip: 📡 version env with Radar: https://dotenvx.com/radar
2025-12-07 16:04:30 +01:00: [dotenv@17.2.1] injecting env (14) from .env -- tip: 📡 observe env with Radar: https://dotenvx.com/radar
2025-12-07 16:04:30 +01:00: [dotenv@17.2.1] injecting env (0) from .env -- tip: 🔐 encrypt with Dotenvx: https://dotenvx.com
2025-12-07 16:04:30 +01:00: [dotenv@17.2.1] injecting env (0) from .env -- tip: 📡 auto-backup env with Radar: https://dotenvx.com/radar
2025-12-07 16:04:30 +01:00: 🚀 Serveur lancé sur https://localhost:3000
2025-12-07 16:04:30 +01:00: 📊 Environnement: production
2025-12-07 16:04:30 +01:00: 🔒 HTTPS: activé
2025-12-07 16:04:30 +01:00: [dotenv@17.2.1] injecting env (0) from .env -- tip: ⚙️  specify custom .env file path with { path: '/custom/path/.env' }
2025-12-07 16:04:30 +01:00: [dotenv@17.2.1] injecting env (0) from .env -- tip: 📡 version env with Radar: https://dotenvx.com/radar
2025-12-07 16:04:30 +01:00: 🚀 Serveur lancé sur https://localhost:3000
2025-12-07 16:04:30 +01:00: 📊 Environnement: production
2025-12-07 16:04:30 +01:00: 🔒 HTTPS: activé
2025-12-07 16:04:30 +01:00: [dotenv@17.2.1] injecting env (14) from .env -- tip: 🔐 prevent building .env in docker: https://dotenvx.com/prebuild
2025-12-07 16:04:30 +01:00: [dotenv@17.2.1] injecting env (14) from .env -- tip: ⚙️  specify custom .env file path with { path: '/custom/path/.env' }
2025-12-07 16:04:30 +01:00: [dotenv@17.2.1] injecting env (14) from .env -- tip: ⚙️  specify custom .env file path with { path: '/custom/path/.env' }
2025-12-07 16:04:30 +01:00: [dotenv@17.2.1] injecting env (14) from .env -- tip: 🔐 prevent committing .env to code: https://dotenvx.com/precommit
2025-12-07 16:04:30 +01:00: [dotenv@17.2.1] injecting env (0) from .env -- tip: ⚙️  specify custom .env file path with { path: '/custom/path/.env' }
2025-12-07 16:04:30 +01:00: [dotenv@17.2.1] injecting env (0) from .env -- tip: 🛠️  run anywhere with `dotenvx run -- yourcommand`
2025-12-07 16:04:30 +01:00: 🚀 Serveur lancé sur https://localhost:3000
2025-12-07 16:04:30 +01:00: 📊 Environnement: production
2025-12-07 16:04:30 +01:00: 🔒 HTTPS: activé
2025-12-07 16:04:30 +01:00: [dotenv@17.2.1] injecting env (0) from .env -- tip: 🔐 prevent building .env in docker: https://dotenvx.com/prebuild
2025-12-07 16:04:30 +01:00: [dotenv@17.2.1] injecting env (0) from .env -- tip: 🛠️  run anywhere with `dotenvx run -- yourcommand`
2025-12-07 16:04:30 +01:00: 🚀 Serveur lancé sur https://localhost:3000
2025-12-07 16:04:30 +01:00: 📊 Environnement: production
2025-12-07 16:04:30 +01:00: 🔒 HTTPS: activé
2025-12-07 16:04:30 +01:00: [dotenv@17.2.1] injecting env (0) from .env -- tip: 🔐 encrypt with Dotenvx: https://dotenvx.com
2025-12-07 16:04:30 +01:00: [dotenv@17.2.1] injecting env (0) from .env -- tip: ⚙️  override existing env vars with { override: true }
2025-12-07 16:04:30 +01:00: 🚀 Serveur lancé sur https://localhost:3000
2025-12-07 16:04:30 +01:00: 📊 Environnement: production
2025-12-07 16:04:30 +01:00: 🔒 HTTPS: activé
2025-12-07 16:04:30 +01:00: [dotenv@17.2.1] injecting env (0) from .env -- tip: ⚙️  suppress all logs with { quiet: true }
2025-12-07 16:04:30 +01:00: [dotenv@17.2.1] injecting env (0) from .env -- tip: ⚙️  override existing env vars with { override: true }
2025-12-07 16:04:30 +01:00: 🚀 Serveur lancé sur https://localhost:3000
2025-12-07 16:04:30 +01:00: 📊 Environnement: production
2025-12-07 16:04:30 +01:00: 🔒 HTTPS: activé
2025-12-07 16:04:30 +01:00: [dotenv@17.2.1] injecting env (0) from .env -- tip: 📡 observe env with Radar: https://dotenvx.com/radar
2025-12-07 16:04:30 +01:00: [dotenv@17.2.1] injecting env (0) from .env -- tip: 🛠️  run anywhere with `dotenvx run -- yourcommand`
2025-12-07 16:04:30 +01:00: 🚀 Serveur lancé sur https://localhost:3000
2025-12-07 16:04:30 +01:00: 📊 Environnement: production
2025-12-07 16:04:30 +01:00: 🔒 HTTPS: activé
2025-12-07 16:04:30 +01:00: [dotenv@17.2.1] injecting env (0) from .env -- tip: 🔐 prevent building .env in docker: https://dotenvx.com/prebuild
2025-12-07 16:04:30 +01:00: [dotenv@17.2.1] injecting env (0) from .env -- tip: 🔐 encrypt with Dotenvx: https://dotenvx.com
2025-12-07 16:04:30 +01:00: 🚀 Serveur lancé sur https://localhost:3000
2025-12-07 16:04:30 +01:00: 📊 Environnement: production
2025-12-07 16:04:30 +01:00: 🔒 HTTPS: activé
2025-12-07 16:04:30 +01:00: [dotenv@17.2.1] injecting env (0) from .env -- tip: 🔐 encrypt with Dotenvx: https://dotenvx.com
2025-12-07 16:04:30 +01:00: [dotenv@17.2.1] injecting env (0) from .env -- tip: ⚙️  load multiple .env files with { path: ['.env.local', '.env'] }
2025-12-07 16:04:30 +01:00: 🚀 Serveur lancé sur https://localhost:3000
2025-12-07 16:04:30 +01:00: 📊 Environnement: production
2025-12-07 16:04:30 +01:00: 🔒 HTTPS: activé
2025-12-07 16:04:30 +01:00: [dotenv@17.2.1] injecting env (0) from .env -- tip: 🔐 prevent committing .env to code: https://dotenvx.com/precommit
2025-12-07 16:04:30 +01:00: [dotenv@17.2.1] injecting env (0) from .env -- tip: 🔐 prevent committing .env to code: https://dotenvx.com/precommit
2025-12-07 16:04:30 +01:00: 🚀 Serveur lancé sur https://localhost:3000
2025-12-07 16:04:30 +01:00: 📊 Environnement: production
2025-12-07 16:04:30 +01:00: 🔒 HTTPS: activé
2025-12-07 16:05:34 +01:00: SIGINT reçu, fermeture gracieuse...
2025-12-07 16:05:34 +01:00: SIGINT reçu, fermeture gracieuse...
2025-12-07 16:05:34 +01:00: SIGINT reçu, fermeture gracieuse...
2025-12-07 16:05:34 +01:00: SIGINT reçu, fermeture gracieuse...
2025-12-07 16:05:34 +01:00: SIGINT reçu, fermeture gracieuse...
2025-12-07 16:05:34 +01:00: SIGINT reçu, fermeture gracieuse...
2025-12-07 16:05:34 +01:00: SIGINT reçu, fermeture gracieuse...
2025-12-07 16:05:34 +01:00: SIGINT reçu, fermeture gracieuse...
2025-12-07 16:05:34 +01:00: SIGINT reçu, fermeture gracieuse...
2025-12-07 16:05:34 +01:00: SIGINT reçu, fermeture gracieuse...
